// Vitest Snapshot v1, https://vitest.dev/guide/snapshot.html

exports[`rollupBuild 1`] = `
"// main.js
const foo = 1;

export { foo };
"
`;

exports[`testFixtures > tests/fixtures/main.js 1`] = `"ok"`;
